in_source: |-
  let hello = "Hello, world!";
  print_str(hello);
in_stdin: |
out_log: |
  DEBUG emulator:simulation TICK:   0 PC:   0  MEM_OUT: r3 0 reg: 'r0': 0, 'r1': 0, 'r2': 0, 'r3': 0, 'r4': 0, 'r5': 0, 'r6': 0, 'r7': 0, 'r8': 0, 'r9': 0, 'r10': 0, 'r11': 0, 'r12': 0, 'r13': 0, 'r14': 0, 'r15': 4095 	  ('0'@Opcode.LD_LIT:Register.r3 0)
  DEBUG emulator:simulation TICK:   4 PC:   1  MEM_OUT: r3 0 reg: 'r0': 0, 'r1': 0, 'r2': 0, 'r3': 0, 'r4': 0, 'r5': 0, 'r6': 0, 'r7': 0, 'r8': 0, 'r9': 0, 'r10': 0, 'r11': 0, 'r12': 0, 'r13': 1, 'r14': 0, 'r15': 4095 	  ('1'@Opcode.PUSH:Register.r3 0)
  DEBUG emulator:simulation TICK:  13 PC:   2  MEM_OUT: r4 49 reg: 'r0': 0, 'r1': 0, 'r2': 0, 'r3': 0, 'r4': 0, 'r5': 0, 'r6': 0, 'r7': 0, 'r8': 0, 'r9': 0, 'r10': 0, 'r11': 0, 'r12': 0, 'r13': 2, 'r14': 4095, 'r15': 4094 	  ('2'@Opcode.LD_LIT:Register.r4 49)
  DEBUG emulator:simulation TICK:  17 PC:   3  MEM_OUT: r4 0 reg: 'r0': 0, 'r1': 0, 'r2': 0, 'r3': 0, 'r4': 49, 'r5': 0, 'r6': 0, 'r7': 0, 'r8': 0, 'r9': 0, 'r10': 0, 'r11': 0, 'r12': 0, 'r13': 3, 'r14': 2, 'r15': 4094 	  ('3'@Opcode.ST_STACK:Register.r4 0)
  DEBUG emulator:simulation TICK:  23 PC:   4  MEM_OUT: r9 0 reg: 'r0': 0, 'r1': 0, 'r2': 0, 'r3': 0, 'r4': 49, 'r5': 0, 'r6': 0, 'r7': 0, 'r8': 0, 'r9': 0, 'r10': 0, 'r11': 0, 'r12': 0, 'r13': 4, 'r14': 4095, 'r15': 4094 	  ('4'@Opcode.LD_STACK:Register.r9 0)
  DEBUG emulator:simulation TICK:  29 PC:   5  MEM_OUT: r9 r11 reg: 'r0': 0, 'r1': 0, 'r2': 0, 'r3': 0, 'r4': 49, 'r5': 0, 'r6': 0, 'r7': 0, 'r8': 0, 'r9': 49, 'r10': 0, 'r11': 0, 'r12': 0, 'r13': 5, 'r14': 4095, 'r15': 4094 	  ('5'@Opcode.MV:Register.r9 Register.r11)
  DEBUG emulator:simulation TICK:  34 PC:   6  MEM_OUT: r11 0 reg: 'r0': 0, 'r1': 0, 'r2': 0, 'r3': 0, 'r4': 49, 'r5': 0, 'r6': 0, 'r7': 0, 'r8': 0, 'r9': 49, 'r10': 0, 'r11': 49, 'r12': 0, 'r13': 6, 'r14': 5, 'r15': 4094 	  ('6'@Opcode.INC:Register.r11 0)
  DEBUG emulator:simulation TICK:  39 PC:   7  MEM_OUT: r9 r9 reg: 'r0': 0, 'r1': 0, 'r2': 0, 'r3': 0, 'r4': 49, 'r5': 0, 'r6': 0, 'r7': 0, 'r8': 0, 'r9': 49, 'r10': 0, 'r11': 50, 'r12': 0, 'r13': 7, 'r14': 6, 'r15': 4094 	  ('7'@Opcode.LD:Register.r9 Register.r9)
  DEBUG emulator:simulation TICK:  45 PC:   8  MEM_OUT: r10 0 reg: 'r0': 0, 'r1': 0, 'r2': 0, 'r3': 0, 'r4': 49, 'r5': 0, 'r6': 0, 'r7': 0, 'r8': 0, 'r9': 13, 'r10': 0, 'r11': 50, 'r12': 0, 'r13': 8, 'r14': 49, 'r15': 4094 	  ('8'@Opcode.LD_LIT:Register.r10 0)
  DEBUG emulator:simulation TICK:  49 PC:   9  MEM_OUT: r9 r10 reg: 'r0': 0, 'r1': 0, 'r2': 0, 'r3': 0, 'r4': 49, 'r5': 0, 'r6': 0, 'r7': 0, 'r8': 0, 'r9': 13, 'r10': 0, 'r11': 50, 'r12': 0, 'r13': 9, 'r14': 8, 'r15': 4094 	  ('9'@Opcode.CMP:Register.r9 Register.r10)
  DEBUG emulator:simulation TICK:  53 PC:  10  MEM_OUT: 16 0 reg: 'r0': 0, 'r1': 0, 'r2': 0, 'r3': 0, 'r4': 49, 'r5': 0, 'r6': 0, 'r7': 0, 'r8': 0, 'r9': 13, 'r10': 0, 'r11': 50, 'r12': 0, 'r13': 10, 'r14': 9, 'r15': 4094 	  ('10'@Opcode.JE:16 0)
  DEBUG emulator:simulation TICK:  56 PC:  11  MEM_OUT: r10 0 reg: 'r0': 0, 'r1': 0, 'r2': 0, 'r3': 0, 'r4': 49, 'r5': 0, 'r6': 0, 'r7': 0, 'r8': 0, 'r9': 13, 'r10': 0, 'r11': 50, 'r12': 0, 'r13': 11, 'r14': 10, 'r15': 4094 	  ('11'@Opcode.INC:Register.r10 0)
  DEBUG emulator:simulation TICK:  61 PC:  12  MEM_OUT: r12 r11 reg: 'r0': 0, 'r1': 0, 'r2': 0, 'r3': 0, 'r4': 49, 'r5': 0, 'r6': 0, 'r7': 0, 'r8': 0, 'r9': 13, 'r10': 1, 'r11': 50, 'r12': 0, 'r13': 12, 'r14': 11, 'r15': 4094 	  ('12'@Opcode.LD:Register.r12 Register.r11)
  DEBUG emulator:simulation TICK:  67 PC:  13  MEM_OUT: r12 0 reg: 'r0': 0, 'r1': 0, 'r2': 0, 'r3': 0, 'r4': 49, 'r5': 0, 'r6': 0, 'r7': 0, 'r8': 0, 'r9': 13, 'r10': 1, 'r11': 50, 'r12': 72, 'r13': 13, 'r14': 50, 'r15': 4094 	  ('13'@Opcode.PRINT:Register.r12 0)
  DEBUG emulator:simulation TICK:  72 PC:  14  MEM_OUT: r11 0 reg: 'r0': 0, 'r1': 0, 'r2': 0, 'r3': 0, 'r4': 49, 'r5': 0, 'r6': 0, 'r7': 0, 'r8': 0, 'r9': 13, 'r10': 1, 'r11': 50, 'r12': 72, 'r13': 14, 'r14': 13, 'r15': 4094 	  ('14'@Opcode.INC:Register.r11 0)
  DEBUG emulator:simulation TICK:  77 PC:  15  MEM_OUT: 9 0 reg: 'r0': 0, 'r1': 0, 'r2': 0, 'r3': 0, 'r4': 49, 'r5': 0, 'r6': 0, 'r7': 0, 'r8': 0, 'r9': 13, 'r10': 1, 'r11': 51, 'r12': 72, 'r13': 15, 'r14': 14, 'r15': 4094 	  ('15'@Opcode.JUMP:9 0)
  DEBUG emulator:simulation TICK:  80 PC:   9  MEM_OUT: r9 r10 reg: 'r0': 0, 'r1': 0, 'r2': 0, 'r3': 0, 'r4': 49, 'r5': 0, 'r6': 0, 'r7': 0, 'r8': 0, 'r9': 13, 'r10': 1, 'r11': 51, 'r12': 72, 'r13': 9, 'r14': 15, 'r15': 4094 	  ('9'@Opcode.CMP:Register.r9 Register.r10)
  DEBUG emulator:simulation TICK:  84 PC:  10  MEM_OUT: 16 0 reg: 'r0': 0, 'r1': 0, 'r2': 0, 'r3': 0, 'r4': 49, 'r5': 0, 'r6': 0, 'r7': 0, 'r8': 0, 'r9': 13, 'r10': 1, 'r11': 51, 'r12': 72, 'r13': 10, 'r14': 9, 'r15': 4094 	  ('10'@Opcode.JE:16 0)
  DEBUG emulator:simulation TICK:  87 PC:  11  MEM_OUT: r10 0 reg: 'r0': 0, 'r1': 0, 'r2': 0, 'r3': 0, 'r4': 49, 'r5': 0, 'r6': 0, 'r7': 0, 'r8': 0, 'r9': 13, 'r10': 1, 'r11': 51, 'r12': 72, 'r13': 11, 'r14': 10, 'r15': 4094 	  ('11'@Opcode.INC:Register.r10 0)
  DEBUG emulator:simulation TICK:  92 PC:  12  MEM_OUT: r12 r11 reg: 'r0': 0, 'r1': 0, 'r2': 0, 'r3': 0, 'r4': 49, 'r5': 0, 'r6': 0, 'r7': 0, 'r8': 0, 'r9': 13, 'r10': 2, 'r11': 51, 'r12': 72, 'r13': 12, 'r14': 11, 'r15': 4094 	  ('12'@Opcode.LD:Register.r12 Register.r11)
  DEBUG emulator:simulation TICK:  98 PC:  13  MEM_OUT: r12 0 reg: 'r0': 0, 'r1': 0, 'r2': 0, 'r3': 0, 'r4': 49, 'r5': 0, 'r6': 0, 'r7': 0, 'r8': 0, 'r9': 13, 'r10': 2, 'r11': 51, 'r12': 101, 'r13': 13, 'r14': 51, 'r15': 4094 	  ('13'@Opcode.PRINT:Register.r12 0)
  DEBUG emulator:simulation TICK: 103 PC:  14  MEM_OUT: r11 0 reg: 'r0': 0, 'r1': 0, 'r2': 0, 'r3': 0, 'r4': 49, 'r5': 0, 'r6': 0, 'r7': 0, 'r8': 0, 'r9': 13, 'r10': 2, 'r11': 51, 'r12': 101, 'r13': 14, 'r14': 13, 'r15': 4094 	  ('14'@Opcode.INC:Register.r11 0)
  DEBUG emulator:simulation TICK: 108 PC:  15  MEM_OUT: 9 0 reg: 'r0': 0, 'r1': 0, 'r2': 0, 'r3': 0, 'r4': 49, 'r5': 0, 'r6': 0, 'r7': 0, 'r8': 0, 'r9': 13, 'r10': 2, 'r11': 52, 'r12': 101, 'r13': 15, 'r14': 14, 'r15': 4094 	  ('15'@Opcode.JUMP:9 0)
  DEBUG emulator:simulation TICK: 111 PC:   9  MEM_OUT: r9 r10 reg: 'r0': 0, 'r1': 0, 'r2': 0, 'r3': 0, 'r4': 49, 'r5': 0, 'r6': 0, 'r7': 0, 'r8': 0, 'r9': 13, 'r10': 2, 'r11': 52, 'r12': 101, 'r13': 9, 'r14': 15, 'r15': 4094 	  ('9'@Opcode.CMP:Register.r9 Register.r10)
  DEBUG emulator:simulation TICK: 115 PC:  10  MEM_OUT: 16 0 reg: 'r0': 0, 'r1': 0, 'r2': 0, 'r3': 0, 'r4': 49, 'r5': 0, 'r6': 0, 'r7': 0, 'r8': 0, 'r9': 13, 'r10': 2, 'r11': 52, 'r12': 101, 'r13': 10, 'r14': 9, 'r15': 4094 	  ('10'@Opcode.JE:16 0)
  DEBUG emulator:simulation TICK: 118 PC:  11  MEM_OUT: r10 0 reg: 'r0': 0, 'r1': 0, 'r2': 0, 'r3': 0, 'r4': 49, 'r5': 0, 'r6': 0, 'r7': 0, 'r8': 0, 'r9': 13, 'r10': 2, 'r11': 52, 'r12': 101, 'r13': 11, 'r14': 10, 'r15': 4094 	  ('11'@Opcode.INC:Register.r10 0)
  DEBUG emulator:simulation TICK: 123 PC:  12  MEM_OUT: r12 r11 reg: 'r0': 0, 'r1': 0, 'r2': 0, 'r3': 0, 'r4': 49, 'r5': 0, 'r6': 0, 'r7': 0, 'r8': 0, 'r9': 13, 'r10': 3, 'r11': 52, 'r12': 101, 'r13': 12, 'r14': 11, 'r15': 4094 	  ('12'@Opcode.LD:Register.r12 Register.r11)
  DEBUG emulator:simulation TICK: 129 PC:  13  MEM_OUT: r12 0 reg: 'r0': 0, 'r1': 0, 'r2': 0, 'r3': 0, 'r4': 49, 'r5': 0, 'r6': 0, 'r7': 0, 'r8': 0, 'r9': 13, 'r10': 3, 'r11': 52, 'r12': 108, 'r13': 13, 'r14': 52, 'r15': 4094 	  ('13'@Opcode.PRINT:Register.r12 0)
  DEBUG emulator:simulation TICK: 134 PC:  14  MEM_OUT: r11 0 reg: 'r0': 0, 'r1': 0, 'r2': 0, 'r3': 0, 'r4': 49, 'r5': 0, 'r6': 0, 'r7': 0, 'r8': 0, 'r9': 13, 'r10': 3, 'r11': 52, 'r12': 108, 'r13': 14, 'r14': 13, 'r15': 4094 	  ('14'@Opcode.INC:Register.r11 0)
  DEBUG emulator:simulation TICK: 139 PC:  15  MEM_OUT: 9 0 reg: 'r0': 0, 'r1': 0, 'r2': 0, 'r3': 0, 'r4': 49, 'r5': 0, 'r6': 0, 'r7': 0, 'r8': 0, 'r9': 13, 'r10': 3, 'r11': 53, 'r12': 108, 'r13': 15, 'r14': 14, 'r15': 4094 	  ('15'@Opcode.JUMP:9 0)
  DEBUG emulator:simulation TICK: 142 PC:   9  MEM_OUT: r9 r10 reg: 'r0': 0, 'r1': 0, 'r2': 0, 'r3': 0, 'r4': 49, 'r5': 0, 'r6': 0, 'r7': 0, 'r8': 0, 'r9': 13, 'r10': 3, 'r11': 53, 'r12': 108, 'r13': 9, 'r14': 15, 'r15': 4094 	  ('9'@Opcode.CMP:Register.r9 Register.r10)
  DEBUG emulator:simulation TICK: 146 PC:  10  MEM_OUT: 16 0 reg: 'r0': 0, 'r1': 0, 'r2': 0, 'r3': 0, 'r4': 49, 'r5': 0, 'r6': 0, 'r7': 0, 'r8': 0, 'r9': 13, 'r10': 3, 'r11': 53, 'r12': 108, 'r13': 10, 'r14': 9, 'r15': 4094 	  ('10'@Opcode.JE:16 0)
  DEBUG emulator:simulation TICK: 149 PC:  11  MEM_OUT: r10 0 reg: 'r0': 0, 'r1': 0, 'r2': 0, 'r3': 0, 'r4': 49, 'r5': 0, 'r6': 0, 'r7': 0, 'r8': 0, 'r9': 13, 'r10': 3, 'r11': 53, 'r12': 108, 'r13': 11, 'r14': 10, 'r15': 4094 	  ('11'@Opcode.INC:Register.r10 0)
  DEBUG emulator:simulation TICK: 154 PC:  12  MEM_OUT: r12 r11 reg: 'r0': 0, 'r1': 0, 'r2': 0, 'r3': 0, 'r4': 49, 'r5': 0, 'r6': 0, 'r7': 0, 'r8': 0, 'r9': 13, 'r10': 4, 'r11': 53, 'r12': 108, 'r13': 12, 'r14': 11, 'r15': 4094 	  ('12'@Opcode.LD:Register.r12 Register.r11)
  DEBUG emulator:simulation TICK: 160 PC:  13  MEM_OUT: r12 0 reg: 'r0': 0, 'r1': 0, 'r2': 0, 'r3': 0, 'r4': 49, 'r5': 0, 'r6': 0, 'r7': 0, 'r8': 0, 'r9': 13, 'r10': 4, 'r11': 53, 'r12': 108, 'r13': 13, 'r14': 53, 'r15': 4094 	  ('13'@Opcode.PRINT:Register.r12 0)
  DEBUG emulator:simulation TICK: 165 PC:  14  MEM_OUT: r11 0 reg: 'r0': 0, 'r1': 0, 'r2': 0, 'r3': 0, 'r4': 49, 'r5': 0, 'r6': 0, 'r7': 0, 'r8': 0, 'r9': 13, 'r10': 4, 'r11': 53, 'r12': 108, 'r13': 14, 'r14': 13, 'r15': 4094 	  ('14'@Opcode.INC:Register.r11 0)
  DEBUG emulator:simulation TICK: 170 PC:  15  MEM_OUT: 9 0 reg: 'r0': 0, 'r1': 0, 'r2': 0, 'r3': 0, 'r4': 49, 'r5': 0, 'r6': 0, 'r7': 0, 'r8': 0, 'r9': 13, 'r10': 4, 'r11': 54, 'r12': 108, 'r13': 15, 'r14': 14, 'r15': 4094 	  ('15'@Opcode.JUMP:9 0)
  DEBUG emulator:simulation TICK: 173 PC:   9  MEM_OUT: r9 r10 reg: 'r0': 0, 'r1': 0, 'r2': 0, 'r3': 0, 'r4': 49, 'r5': 0, 'r6': 0, 'r7': 0, 'r8': 0, 'r9': 13, 'r10': 4, 'r11': 54, 'r12': 108, 'r13': 9, 'r14': 15, 'r15': 4094 	  ('9'@Opcode.CMP:Register.r9 Register.r10)
  DEBUG emulator:simulation TICK: 177 PC:  10  MEM_OUT: 16 0 reg: 'r0': 0, 'r1': 0, 'r2': 0, 'r3': 0, 'r4': 49, 'r5': 0, 'r6': 0, 'r7': 0, 'r8': 0, 'r9': 13, 'r10': 4, 'r11': 54, 'r12': 108, 'r13': 10, 'r14': 9, 'r15': 4094 	  ('10'@Opcode.JE:16 0)
  DEBUG emulator:simulation TICK: 180 PC:  11  MEM_OUT: r10 0 reg: 'r0': 0, 'r1': 0, 'r2': 0, 'r3': 0, 'r4': 49, 'r5': 0, 'r6': 0, 'r7': 0, 'r8': 0, 'r9': 13, 'r10': 4, 'r11': 54, 'r12': 108, 'r13': 11, 'r14': 10, 'r15': 4094 	  ('11'@Opcode.INC:Register.r10 0)
  DEBUG emulator:simulation TICK: 185 PC:  12  MEM_OUT: r12 r11 reg: 'r0': 0, 'r1': 0, 'r2': 0, 'r3': 0, 'r4': 49, 'r5': 0, 'r6': 0, 'r7': 0, 'r8': 0, 'r9': 13, 'r10': 5, 'r11': 54, 'r12': 108, 'r13': 12, 'r14': 11, 'r15': 4094 	  ('12'@Opcode.LD:Register.r12 Register.r11)
  DEBUG emulator:simulation TICK: 191 PC:  13  MEM_OUT: r12 0 reg: 'r0': 0, 'r1': 0, 'r2': 0, 'r3': 0, 'r4': 49, 'r5': 0, 'r6': 0, 'r7': 0, 'r8': 0, 'r9': 13, 'r10': 5, 'r11': 54, 'r12': 111, 'r13': 13, 'r14': 54, 'r15': 4094 	  ('13'@Opcode.PRINT:Register.r12 0)
  DEBUG emulator:simulation TICK: 196 PC:  14  MEM_OUT: r11 0 reg: 'r0': 0, 'r1': 0, 'r2': 0, 'r3': 0, 'r4': 49, 'r5': 0, 'r6': 0, 'r7': 0, 'r8': 0, 'r9': 13, 'r10': 5, 'r11': 54, 'r12': 111, 'r13': 14, 'r14': 13, 'r15': 4094 	  ('14'@Opcode.INC:Register.r11 0)
  DEBUG emulator:simulation TICK: 201 PC:  15  MEM_OUT: 9 0 reg: 'r0': 0, 'r1': 0, 'r2': 0, 'r3': 0, 'r4': 49, 'r5': 0, 'r6': 0, 'r7': 0, 'r8': 0, 'r9': 13, 'r10': 5, 'r11': 55, 'r12': 111, 'r13': 15, 'r14': 14, 'r15': 4094 	  ('15'@Opcode.JUMP:9 0)
  DEBUG emulator:simulation TICK: 204 PC:   9  MEM_OUT: r9 r10 reg: 'r0': 0, 'r1': 0, 'r2': 0, 'r3': 0, 'r4': 49, 'r5': 0, 'r6': 0, 'r7': 0, 'r8': 0, 'r9': 13, 'r10': 5, 'r11': 55, 'r12': 111, 'r13': 9, 'r14': 15, 'r15': 4094 	  ('9'@Opcode.CMP:Register.r9 Register.r10)
  DEBUG emulator:simulation TICK: 208 PC:  10  MEM_OUT: 16 0 reg: 'r0': 0, 'r1': 0, 'r2': 0, 'r3': 0, 'r4': 49, 'r5': 0, 'r6': 0, 'r7': 0, 'r8': 0, 'r9': 13, 'r10': 5, 'r11': 55, 'r12': 111, 'r13': 10, 'r14': 9, 'r15': 4094 	  ('10'@Opcode.JE:16 0)
  DEBUG emulator:simulation TICK: 211 PC:  11  MEM_OUT: r10 0 reg: 'r0': 0, 'r1': 0, 'r2': 0, 'r3': 0, 'r4': 49, 'r5': 0, 'r6': 0, 'r7': 0, 'r8': 0, 'r9': 13, 'r10': 5, 'r11': 55, 'r12': 111, 'r13': 11, 'r14': 10, 'r15': 4094 	  ('11'@Opcode.INC:Register.r10 0)
  DEBUG emulator:simulation TICK: 216 PC:  12  MEM_OUT: r12 r11 reg: 'r0': 0, 'r1': 0, 'r2': 0, 'r3': 0, 'r4': 49, 'r5': 0, 'r6': 0, 'r7': 0, 'r8': 0, 'r9': 13, 'r10': 6, 'r11': 55, 'r12': 111, 'r13': 12, 'r14': 11, 'r15': 4094 	  ('12'@Opcode.LD:Register.r12 Register.r11)
  DEBUG emulator:simulation TICK: 222 PC:  13  MEM_OUT: r12 0 reg: 'r0': 0, 'r1': 0, 'r2': 0, 'r3': 0, 'r4': 49, 'r5': 0, 'r6': 0, 'r7': 0, 'r8': 0, 'r9': 13, 'r10': 6, 'r11': 55, 'r12': 44, 'r13': 13, 'r14': 55, 'r15': 4094 	  ('13'@Opcode.PRINT:Register.r12 0)
  DEBUG emulator:simulation TICK: 227 PC:  14  MEM_OUT: r11 0 reg: 'r0': 0, 'r1': 0, 'r2': 0, 'r3': 0, 'r4': 49, 'r5': 0, 'r6': 0, 'r7': 0, 'r8': 0, 'r9': 13, 'r10': 6, 'r11': 55, 'r12': 44, 'r13': 14, 'r14': 13, 'r15': 4094 	  ('14'@Opcode.INC:Register.r11 0)
  DEBUG emulator:simulation TICK: 232 PC:  15  MEM_OUT: 9 0 reg: 'r0': 0, 'r1': 0, 'r2': 0, 'r3': 0, 'r4': 49, 'r5': 0, 'r6': 0, 'r7': 0, 'r8': 0, 'r9': 13, 'r10': 6, 'r11': 56, 'r12': 44, 'r13': 15, 'r14': 14, 'r15': 4094 	  ('15'@Opcode.JUMP:9 0)
  DEBUG emulator:simulation TICK: 235 PC:   9  MEM_OUT: r9 r10 reg: 'r0': 0, 'r1': 0, 'r2': 0, 'r3': 0, 'r4': 49, 'r5': 0, 'r6': 0, 'r7': 0, 'r8': 0, 'r9': 13, 'r10': 6, 'r11': 56, 'r12': 44, 'r13': 9, 'r14': 15, 'r15': 4094 	  ('9'@Opcode.CMP:Register.r9 Register.r10)
  DEBUG emulator:simulation TICK: 239 PC:  10  MEM_OUT: 16 0 reg: 'r0': 0, 'r1': 0, 'r2': 0, 'r3': 0, 'r4': 49, 'r5': 0, 'r6': 0, 'r7': 0, 'r8': 0, 'r9': 13, 'r10': 6, 'r11': 56, 'r12': 44, 'r13': 10, 'r14': 9, 'r15': 4094 	  ('10'@Opcode.JE:16 0)
  DEBUG emulator:simulation TICK: 242 PC:  11  MEM_OUT: r10 0 reg: 'r0': 0, 'r1': 0, 'r2': 0, 'r3': 0, 'r4': 49, 'r5': 0, 'r6': 0, 'r7': 0, 'r8': 0, 'r9': 13, 'r10': 6, 'r11': 56, 'r12': 44, 'r13': 11, 'r14': 10, 'r15': 4094 	  ('11'@Opcode.INC:Register.r10 0)
  DEBUG emulator:simulation TICK: 247 PC:  12  MEM_OUT: r12 r11 reg: 'r0': 0, 'r1': 0, 'r2': 0, 'r3': 0, 'r4': 49, 'r5': 0, 'r6': 0, 'r7': 0, 'r8': 0, 'r9': 13, 'r10': 7, 'r11': 56, 'r12': 44, 'r13': 12, 'r14': 11, 'r15': 4094 	  ('12'@Opcode.LD:Register.r12 Register.r11)
  DEBUG emulator:simulation TICK: 253 PC:  13  MEM_OUT: r12 0 reg: 'r0': 0, 'r1': 0, 'r2': 0, 'r3': 0, 'r4': 49, 'r5': 0, 'r6': 0, 'r7': 0, 'r8': 0, 'r9': 13, 'r10': 7, 'r11': 56, 'r12': 32, 'r13': 13, 'r14': 56, 'r15': 4094 	  ('13'@Opcode.PRINT:Register.r12 0)
  DEBUG emulator:simulation TICK: 258 PC:  14  MEM_OUT: r11 0 reg: 'r0': 0, 'r1': 0, 'r2': 0, 'r3': 0, 'r4': 49, 'r5': 0, 'r6': 0, 'r7': 0, 'r8': 0, 'r9': 13, 'r10': 7, 'r11': 56, 'r12': 32, 'r13': 14, 'r14': 13, 'r15': 4094 	  ('14'@Opcode.INC:Register.r11 0)
  DEBUG emulator:simulation TICK: 263 PC:  15  MEM_OUT: 9 0 reg: 'r0': 0, 'r1': 0, 'r2': 0, 'r3': 0, 'r4': 49, 'r5': 0, 'r6': 0, 'r7': 0, 'r8': 0, 'r9': 13, 'r10': 7, 'r11': 57, 'r12': 32, 'r13': 15, 'r14': 14, 'r15': 4094 	  ('15'@Opcode.JUMP:9 0)
  DEBUG emulator:simulation TICK: 266 PC:   9  MEM_OUT: r9 r10 reg: 'r0': 0, 'r1': 0, 'r2': 0, 'r3': 0, 'r4': 49, 'r5': 0, 'r6': 0, 'r7': 0, 'r8': 0, 'r9': 13, 'r10': 7, 'r11': 57, 'r12': 32, 'r13': 9, 'r14': 15, 'r15': 4094 	  ('9'@Opcode.CMP:Register.r9 Register.r10)
  DEBUG emulator:simulation TICK: 270 PC:  10  MEM_OUT: 16 0 reg: 'r0': 0, 'r1': 0, 'r2': 0, 'r3': 0, 'r4': 49, 'r5': 0, 'r6': 0, 'r7': 0, 'r8': 0, 'r9': 13, 'r10': 7, 'r11': 57, 'r12': 32, 'r13': 10, 'r14': 9, 'r15': 4094 	  ('10'@Opcode.JE:16 0)
  DEBUG emulator:simulation TICK: 273 PC:  11  MEM_OUT: r10 0 reg: 'r0': 0, 'r1': 0, 'r2': 0, 'r3': 0, 'r4': 49, 'r5': 0, 'r6': 0, 'r7': 0, 'r8': 0, 'r9': 13, 'r10': 7, 'r11': 57, 'r12': 32, 'r13': 11, 'r14': 10, 'r15': 4094 	  ('11'@Opcode.INC:Register.r10 0)
  DEBUG emulator:simulation TICK: 278 PC:  12  MEM_OUT: r12 r11 reg: 'r0': 0, 'r1': 0, 'r2': 0, 'r3': 0, 'r4': 49, 'r5': 0, 'r6': 0, 'r7': 0, 'r8': 0, 'r9': 13, 'r10': 8, 'r11': 57, 'r12': 32, 'r13': 12, 'r14': 11, 'r15': 4094 	  ('12'@Opcode.LD:Register.r12 Register.r11)
  DEBUG emulator:simulation TICK: 284 PC:  13  MEM_OUT: r12 0 reg: 'r0': 0, 'r1': 0, 'r2': 0, 'r3': 0, 'r4': 49, 'r5': 0, 'r6': 0, 'r7': 0, 'r8': 0, 'r9': 13, 'r10': 8, 'r11': 57, 'r12': 119, 'r13': 13, 'r14': 57, 'r15': 4094 	  ('13'@Opcode.PRINT:Register.r12 0)
  DEBUG emulator:simulation TICK: 289 PC:  14  MEM_OUT: r11 0 reg: 'r0': 0, 'r1': 0, 'r2': 0, 'r3': 0, 'r4': 49, 'r5': 0, 'r6': 0, 'r7': 0, 'r8': 0, 'r9': 13, 'r10': 8, 'r11': 57, 'r12': 119, 'r13': 14, 'r14': 13, 'r15': 4094 	  ('14'@Opcode.INC:Register.r11 0)
  DEBUG emulator:simulation TICK: 294 PC:  15  MEM_OUT: 9 0 reg: 'r0': 0, 'r1': 0, 'r2': 0, 'r3': 0, 'r4': 49, 'r5': 0, 'r6': 0, 'r7': 0, 'r8': 0, 'r9': 13, 'r10': 8, 'r11': 58, 'r12': 119, 'r13': 15, 'r14': 14, 'r15': 4094 	  ('15'@Opcode.JUMP:9 0)
  DEBUG emulator:simulation TICK: 297 PC:   9  MEM_OUT: r9 r10 reg: 'r0': 0, 'r1': 0, 'r2': 0, 'r3': 0, 'r4': 49, 'r5': 0, 'r6': 0, 'r7': 0, 'r8': 0, 'r9': 13, 'r10': 8, 'r11': 58, 'r12': 119, 'r13': 9, 'r14': 15, 'r15': 4094 	  ('9'@Opcode.CMP:Register.r9 Register.r10)
  DEBUG emulator:simulation TICK: 301 PC:  10  MEM_OUT: 16 0 reg: 'r0': 0, 'r1': 0, 'r2': 0, 'r3': 0, 'r4': 49, 'r5': 0, 'r6': 0, 'r7': 0, 'r8': 0, 'r9': 13, 'r10': 8, 'r11': 58, 'r12': 119, 'r13': 10, 'r14': 9, 'r15': 4094 	  ('10'@Opcode.JE:16 0)
  DEBUG emulator:simulation TICK: 304 PC:  11  MEM_OUT: r10 0 reg: 'r0': 0, 'r1': 0, 'r2': 0, 'r3': 0, 'r4': 49, 'r5': 0, 'r6': 0, 'r7': 0, 'r8': 0, 'r9': 13, 'r10': 8, 'r11': 58, 'r12': 119, 'r13': 11, 'r14': 10, 'r15': 4094 	  ('11'@Opcode.INC:Register.r10 0)
  DEBUG emulator:simulation TICK: 309 PC:  12  MEM_OUT: r12 r11 reg: 'r0': 0, 'r1': 0, 'r2': 0, 'r3': 0, 'r4': 49, 'r5': 0, 'r6': 0, 'r7': 0, 'r8': 0, 'r9': 13, 'r10': 9, 'r11': 58, 'r12': 119, 'r13': 12, 'r14': 11, 'r15': 4094 	  ('12'@Opcode.LD:Register.r12 Register.r11)
  DEBUG emulator:simulation TICK: 315 PC:  13  MEM_OUT: r12 0 reg: 'r0': 0, 'r1': 0, 'r2': 0, 'r3': 0, 'r4': 49, 'r5': 0, 'r6': 0, 'r7': 0, 'r8': 0, 'r9': 13, 'r10': 9, 'r11': 58, 'r12': 111, 'r13': 13, 'r14': 58, 'r15': 4094 	  ('13'@Opcode.PRINT:Register.r12 0)
  DEBUG emulator:simulation TICK: 320 PC:  14  MEM_OUT: r11 0 reg: 'r0': 0, 'r1': 0, 'r2': 0, 'r3': 0, 'r4': 49, 'r5': 0, 'r6': 0, 'r7': 0, 'r8': 0, 'r9': 13, 'r10': 9, 'r11': 58, 'r12': 111, 'r13': 14, 'r14': 13, 'r15': 4094 	  ('14'@Opcode.INC:Register.r11 0)
  DEBUG emulator:simulation TICK: 325 PC:  15  MEM_OUT: 9 0 reg: 'r0': 0, 'r1': 0, 'r2': 0, 'r3': 0, 'r4': 49, 'r5': 0, 'r6': 0, 'r7': 0, 'r8': 0, 'r9': 13, 'r10': 9, 'r11': 59, 'r12': 111, 'r13': 15, 'r14': 14, 'r15': 4094 	  ('15'@Opcode.JUMP:9 0)
  DEBUG emulator:simulation TICK: 328 PC:   9  MEM_OUT: r9 r10 reg: 'r0': 0, 'r1': 0, 'r2': 0, 'r3': 0, 'r4': 49, 'r5': 0, 'r6': 0, 'r7': 0, 'r8': 0, 'r9': 13, 'r10': 9, 'r11': 59, 'r12': 111, 'r13': 9, 'r14': 15, 'r15': 4094 	  ('9'@Opcode.CMP:Register.r9 Register.r10)
  DEBUG emulator:simulation TICK: 332 PC:  10  MEM_OUT: 16 0 reg: 'r0': 0, 'r1': 0, 'r2': 0, 'r3': 0, 'r4': 49, 'r5': 0, 'r6': 0, 'r7': 0, 'r8': 0, 'r9': 13, 'r10': 9, 'r11': 59, 'r12': 111, 'r13': 10, 'r14': 9, 'r15': 4094 	  ('10'@Opcode.JE:16 0)
  DEBUG emulator:simulation TICK: 335 PC:  11  MEM_OUT: r10 0 reg: 'r0': 0, 'r1': 0, 'r2': 0, 'r3': 0, 'r4': 49, 'r5': 0, 'r6': 0, 'r7': 0, 'r8': 0, 'r9': 13, 'r10': 9, 'r11': 59, 'r12': 111, 'r13': 11, 'r14': 10, 'r15': 4094 	  ('11'@Opcode.INC:Register.r10 0)
  DEBUG emulator:simulation TICK: 340 PC:  12  MEM_OUT: r12 r11 reg: 'r0': 0, 'r1': 0, 'r2': 0, 'r3': 0, 'r4': 49, 'r5': 0, 'r6': 0, 'r7': 0, 'r8': 0, 'r9': 13, 'r10': 10, 'r11': 59, 'r12': 111, 'r13': 12, 'r14': 11, 'r15': 4094 	  ('12'@Opcode.LD:Register.r12 Register.r11)
  DEBUG emulator:simulation TICK: 346 PC:  13  MEM_OUT: r12 0 reg: 'r0': 0, 'r1': 0, 'r2': 0, 'r3': 0, 'r4': 49, 'r5': 0, 'r6': 0, 'r7': 0, 'r8': 0, 'r9': 13, 'r10': 10, 'r11': 59, 'r12': 114, 'r13': 13, 'r14': 59, 'r15': 4094 	  ('13'@Opcode.PRINT:Register.r12 0)
  DEBUG emulator:simulation TICK: 351 PC:  14  MEM_OUT: r11 0 reg: 'r0': 0, 'r1': 0, 'r2': 0, 'r3': 0, 'r4': 49, 'r5': 0, 'r6': 0, 'r7': 0, 'r8': 0, 'r9': 13, 'r10': 10, 'r11': 59, 'r12': 114, 'r13': 14, 'r14': 13, 'r15': 4094 	  ('14'@Opcode.INC:Register.r11 0)
  DEBUG emulator:simulation TICK: 356 PC:  15  MEM_OUT: 9 0 reg: 'r0': 0, 'r1': 0, 'r2': 0, 'r3': 0, 'r4': 49, 'r5': 0, 'r6': 0, 'r7': 0, 'r8': 0, 'r9': 13, 'r10': 10, 'r11': 60, 'r12': 114, 'r13': 15, 'r14': 14, 'r15': 4094 	  ('15'@Opcode.JUMP:9 0)
  DEBUG emulator:simulation TICK: 359 PC:   9  MEM_OUT: r9 r10 reg: 'r0': 0, 'r1': 0, 'r2': 0, 'r3': 0, 'r4': 49, 'r5': 0, 'r6': 0, 'r7': 0, 'r8': 0, 'r9': 13, 'r10': 10, 'r11': 60, 'r12': 114, 'r13': 9, 'r14': 15, 'r15': 4094 	  ('9'@Opcode.CMP:Register.r9 Register.r10)
  DEBUG emulator:simulation TICK: 363 PC:  10  MEM_OUT: 16 0 reg: 'r0': 0, 'r1': 0, 'r2': 0, 'r3': 0, 'r4': 49, 'r5': 0, 'r6': 0, 'r7': 0, 'r8': 0, 'r9': 13, 'r10': 10, 'r11': 60, 'r12': 114, 'r13': 10, 'r14': 9, 'r15': 4094 	  ('10'@Opcode.JE:16 0)
  DEBUG emulator:simulation TICK: 366 PC:  11  MEM_OUT: r10 0 reg: 'r0': 0, 'r1': 0, 'r2': 0, 'r3': 0, 'r4': 49, 'r5': 0, 'r6': 0, 'r7': 0, 'r8': 0, 'r9': 13, 'r10': 10, 'r11': 60, 'r12': 114, 'r13': 11, 'r14': 10, 'r15': 4094 	  ('11'@Opcode.INC:Register.r10 0)
  DEBUG emulator:simulation TICK: 371 PC:  12  MEM_OUT: r12 r11 reg: 'r0': 0, 'r1': 0, 'r2': 0, 'r3': 0, 'r4': 49, 'r5': 0, 'r6': 0, 'r7': 0, 'r8': 0, 'r9': 13, 'r10': 11, 'r11': 60, 'r12': 114, 'r13': 12, 'r14': 11, 'r15': 4094 	  ('12'@Opcode.LD:Register.r12 Register.r11)
  DEBUG emulator:simulation TICK: 377 PC:  13  MEM_OUT: r12 0 reg: 'r0': 0, 'r1': 0, 'r2': 0, 'r3': 0, 'r4': 49, 'r5': 0, 'r6': 0, 'r7': 0, 'r8': 0, 'r9': 13, 'r10': 11, 'r11': 60, 'r12': 108, 'r13': 13, 'r14': 60, 'r15': 4094 	  ('13'@Opcode.PRINT:Register.r12 0)
  DEBUG emulator:simulation TICK: 382 PC:  14  MEM_OUT: r11 0 reg: 'r0': 0, 'r1': 0, 'r2': 0, 'r3': 0, 'r4': 49, 'r5': 0, 'r6': 0, 'r7': 0, 'r8': 0, 'r9': 13, 'r10': 11, 'r11': 60, 'r12': 108, 'r13': 14, 'r14': 13, 'r15': 4094 	  ('14'@Opcode.INC:Register.r11 0)
  DEBUG emulator:simulation TICK: 387 PC:  15  MEM_OUT: 9 0 reg: 'r0': 0, 'r1': 0, 'r2': 0, 'r3': 0, 'r4': 49, 'r5': 0, 'r6': 0, 'r7': 0, 'r8': 0, 'r9': 13, 'r10': 11, 'r11': 61, 'r12': 108, 'r13': 15, 'r14': 14, 'r15': 4094 	  ('15'@Opcode.JUMP:9 0)
  DEBUG emulator:simulation TICK: 390 PC:   9  MEM_OUT: r9 r10 reg: 'r0': 0, 'r1': 0, 'r2': 0, 'r3': 0, 'r4': 49, 'r5': 0, 'r6': 0, 'r7': 0, 'r8': 0, 'r9': 13, 'r10': 11, 'r11': 61, 'r12': 108, 'r13': 9, 'r14': 15, 'r15': 4094 	  ('9'@Opcode.CMP:Register.r9 Register.r10)
  DEBUG emulator:simulation TICK: 394 PC:  10  MEM_OUT: 16 0 reg: 'r0': 0, 'r1': 0, 'r2': 0, 'r3': 0, 'r4': 49, 'r5': 0, 'r6': 0, 'r7': 0, 'r8': 0, 'r9': 13, 'r10': 11, 'r11': 61, 'r12': 108, 'r13': 10, 'r14': 9, 'r15': 4094 	  ('10'@Opcode.JE:16 0)
  DEBUG emulator:simulation TICK: 397 PC:  11  MEM_OUT: r10 0 reg: 'r0': 0, 'r1': 0, 'r2': 0, 'r3': 0, 'r4': 49, 'r5': 0, 'r6': 0, 'r7': 0, 'r8': 0, 'r9': 13, 'r10': 11, 'r11': 61, 'r12': 108, 'r13': 11, 'r14': 10, 'r15': 4094 	  ('11'@Opcode.INC:Register.r10 0)
  DEBUG emulator:simulation TICK: 402 PC:  12  MEM_OUT: r12 r11 reg: 'r0': 0, 'r1': 0, 'r2': 0, 'r3': 0, 'r4': 49, 'r5': 0, 'r6': 0, 'r7': 0, 'r8': 0, 'r9': 13, 'r10': 12, 'r11': 61, 'r12': 108, 'r13': 12, 'r14': 11, 'r15': 4094 	  ('12'@Opcode.LD:Register.r12 Register.r11)
  DEBUG emulator:simulation TICK: 408 PC:  13  MEM_OUT: r12 0 reg: 'r0': 0, 'r1': 0, 'r2': 0, 'r3': 0, 'r4': 49, 'r5': 0, 'r6': 0, 'r7': 0, 'r8': 0, 'r9': 13, 'r10': 12, 'r11': 61, 'r12': 100, 'r13': 13, 'r14': 61, 'r15': 4094 	  ('13'@Opcode.PRINT:Register.r12 0)
  DEBUG emulator:simulation TICK: 413 PC:  14  MEM_OUT: r11 0 reg: 'r0': 0, 'r1': 0, 'r2': 0, 'r3': 0, 'r4': 49, 'r5': 0, 'r6': 0, 'r7': 0, 'r8': 0, 'r9': 13, 'r10': 12, 'r11': 61, 'r12': 100, 'r13': 14, 'r14': 13, 'r15': 4094 	  ('14'@Opcode.INC:Register.r11 0)
  DEBUG emulator:simulation TICK: 418 PC:  15  MEM_OUT: 9 0 reg: 'r0': 0, 'r1': 0, 'r2': 0, 'r3': 0, 'r4': 49, 'r5': 0, 'r6': 0, 'r7': 0, 'r8': 0, 'r9': 13, 'r10': 12, 'r11': 62, 'r12': 100, 'r13': 15, 'r14': 14, 'r15': 4094 	  ('15'@Opcode.JUMP:9 0)
  DEBUG emulator:simulation TICK: 421 PC:   9  MEM_OUT: r9 r10 reg: 'r0': 0, 'r1': 0, 'r2': 0, 'r3': 0, 'r4': 49, 'r5': 0, 'r6': 0, 'r7': 0, 'r8': 0, 'r9': 13, 'r10': 12, 'r11': 62, 'r12': 100, 'r13': 9, 'r14': 15, 'r15': 4094 	  ('9'@Opcode.CMP:Register.r9 Register.r10)
  DEBUG emulator:simulation TICK: 425 PC:  10  MEM_OUT: 16 0 reg: 'r0': 0, 'r1': 0, 'r2': 0, 'r3': 0, 'r4': 49, 'r5': 0, 'r6': 0, 'r7': 0, 'r8': 0, 'r9': 13, 'r10': 12, 'r11': 62, 'r12': 100, 'r13': 10, 'r14': 9, 'r15': 4094 	  ('10'@Opcode.JE:16 0)
  DEBUG emulator:simulation TICK: 428 PC:  11  MEM_OUT: r10 0 reg: 'r0': 0, 'r1': 0, 'r2': 0, 'r3': 0, 'r4': 49, 'r5': 0, 'r6': 0, 'r7': 0, 'r8': 0, 'r9': 13, 'r10': 12, 'r11': 62, 'r12': 100, 'r13': 11, 'r14': 10, 'r15': 4094 	  ('11'@Opcode.INC:Register.r10 0)
  DEBUG emulator:simulation TICK: 433 PC:  12  MEM_OUT: r12 r11 reg: 'r0': 0, 'r1': 0, 'r2': 0, 'r3': 0, 'r4': 49, 'r5': 0, 'r6': 0, 'r7': 0, 'r8': 0, 'r9': 13, 'r10': 13, 'r11': 62, 'r12': 100, 'r13': 12, 'r14': 11, 'r15': 4094 	  ('12'@Opcode.LD:Register.r12 Register.r11)
  DEBUG emulator:simulation TICK: 439 PC:  13  MEM_OUT: r12 0 reg: 'r0': 0, 'r1': 0, 'r2': 0, 'r3': 0, 'r4': 49, 'r5': 0, 'r6': 0, 'r7': 0, 'r8': 0, 'r9': 13, 'r10': 13, 'r11': 62, 'r12': 33, 'r13': 13, 'r14': 62, 'r15': 4094 	  ('13'@Opcode.PRINT:Register.r12 0)
  DEBUG emulator:simulation TICK: 444 PC:  14  MEM_OUT: r11 0 reg: 'r0': 0, 'r1': 0, 'r2': 0, 'r3': 0, 'r4': 49, 'r5': 0, 'r6': 0, 'r7': 0, 'r8': 0, 'r9': 13, 'r10': 13, 'r11': 62, 'r12': 33, 'r13': 14, 'r14': 13, 'r15': 4094 	  ('14'@Opcode.INC:Register.r11 0)
  DEBUG emulator:simulation TICK: 449 PC:  15  MEM_OUT: 9 0 reg: 'r0': 0, 'r1': 0, 'r2': 0, 'r3': 0, 'r4': 49, 'r5': 0, 'r6': 0, 'r7': 0, 'r8': 0, 'r9': 13, 'r10': 13, 'r11': 63, 'r12': 33, 'r13': 15, 'r14': 14, 'r15': 4094 	  ('15'@Opcode.JUMP:9 0)
  DEBUG emulator:simulation TICK: 452 PC:   9  MEM_OUT: r9 r10 reg: 'r0': 0, 'r1': 0, 'r2': 0, 'r3': 0, 'r4': 49, 'r5': 0, 'r6': 0, 'r7': 0, 'r8': 0, 'r9': 13, 'r10': 13, 'r11': 63, 'r12': 33, 'r13': 9, 'r14': 15, 'r15': 4094 	  ('9'@Opcode.CMP:Register.r9 Register.r10)
  DEBUG emulator:simulation TICK: 456 PC:  10  MEM_OUT: 16 0 reg: 'r0': 0, 'r1': 0, 'r2': 0, 'r3': 0, 'r4': 49, 'r5': 0, 'r6': 0, 'r7': 0, 'r8': 0, 'r9': 13, 'r10': 13, 'r11': 63, 'r12': 33, 'r13': 10, 'r14': 9, 'r15': 4094 	  ('10'@Opcode.JE:16 0)
  DEBUG emulator:simulation TICK: 459 PC:  16  MEM_OUT: 0 0 reg: 'r0': 0, 'r1': 0, 'r2': 0, 'r3': 0, 'r4': 49, 'r5': 0, 'r6': 0, 'r7': 0, 'r8': 0, 'r9': 13, 'r10': 13, 'r11': 63, 'r12': 33, 'r13': 16, 'r14': 10, 'r15': 4094 	  ('16'@Opcode.HALT:0 0)
  INFO emulator:simulation output_buffer: 'Hello, world!'
out_stdout: |
  ============================================================
  Hello, world!
  instr_counter:  102 ticks: 461
out_code: |-
  [{"index": 0, "opcode": "LD_LIT", "arg1": "r3", "arg2": 0},
   {"index": 1, "opcode": "PUSH", "arg1": "r3", "arg2": 0},
   {"index": 2, "opcode": "LD_LIT", "arg1": "r4", "arg2": 49},
   {"index": 3, "opcode": "ST_STACK", "arg1": "r4", "arg2": 0},
   {"index": 4, "opcode": "LD_STACK", "arg1": "r9", "arg2": 0},
   {"index": 5, "opcode": "MV", "arg1": "r9", "arg2": "r11"},
   {"index": 6, "opcode": "INC", "arg1": "r11", "arg2": 0},
   {"index": 7, "opcode": "LD", "arg1": "r9", "arg2": "r9"},
   {"index": 8, "opcode": "LD_LIT", "arg1": "r10", "arg2": 0},
   {"index": 9, "opcode": "CMP", "arg1": "r9", "arg2": "r10"},
   {"index": 10, "opcode": "JE", "arg1": 16, "arg2": 0},
   {"index": 11, "opcode": "INC", "arg1": "r10", "arg2": 0},
   {"index": 12, "opcode": "LD", "arg1": "r12", "arg2": "r11"},
   {"index": 13, "opcode": "PRINT", "arg1": "r12", "arg2": 0},
   {"index": 14, "opcode": "INC", "arg1": "r11", "arg2": 0},
   {"index": 15, "opcode": "JUMP", "arg1": 9, "arg2": 0},
   {"index": 16, "opcode": "HALT", "arg1": 0, "arg2": 0},
   {"index": 17, "opcode": "JUMP", "arg1": 0, "arg2": 0},
   {"index": 18, "opcode": "JUMP", "arg1": 0, "arg2": 0},
   {"index": 19, "opcode": "JUMP", "arg1": 0, "arg2": 0},
   {"index": 20, "opcode": "JUMP", "arg1": 0, "arg2": 0},
   {"index": 21, "opcode": "JUMP", "arg1": 0, "arg2": 0},
   {"index": 22, "opcode": "JUMP", "arg1": 0, "arg2": 0},
   {"index": 23, "opcode": "JUMP", "arg1": 0, "arg2": 0},
   {"index": 24, "opcode": "JUMP", "arg1": 0, "arg2": 0},
   {"index": 25, "opcode": "JUMP", "arg1": 0, "arg2": 0},
   {"index": 26, "opcode": "JUMP", "arg1": 0, "arg2": 0},
   {"index": 27, "opcode": "JUMP", "arg1": 0, "arg2": 0},
   {"index": 28, "opcode": "JUMP", "arg1": 0, "arg2": 0},
   {"index": 29, "opcode": "JUMP", "arg1": 0, "arg2": 0},
   {"index": 30, "opcode": "JUMP", "arg1": 0, "arg2": 0},
   {"index": 31, "opcode": "JUMP", "arg1": 0, "arg2": 0},
   {"index": 32, "opcode": "JUMP", "arg1": 0, "arg2": 0},
   {"index": 33, "opcode": "JUMP", "arg1": 0, "arg2": 0},
   {"index": 34, "opcode": "JUMP", "arg1": 0, "arg2": 0},
   {"index": 35, "opcode": "JUMP", "arg1": 0, "arg2": 0},
   {"index": 36, "opcode": "JUMP", "arg1": 0, "arg2": 0},
   {"index": 37, "opcode": "JUMP", "arg1": 0, "arg2": 0},
   {"index": 38, "opcode": "JUMP", "arg1": 0, "arg2": 0},
   {"index": 39, "opcode": "JUMP", "arg1": 0, "arg2": 0},
   {"index": 40, "opcode": "JUMP", "arg1": 0, "arg2": 0},
   {"index": 41, "opcode": "JUMP", "arg1": 0, "arg2": 0},
   {"index": 42, "opcode": "JUMP", "arg1": 0, "arg2": 0},
   {"index": 43, "opcode": "JUMP", "arg1": 0, "arg2": 0},
   {"index": 44, "opcode": "JUMP", "arg1": 0, "arg2": 0},
   {"index": 45, "opcode": "JUMP", "arg1": 0, "arg2": 0},
   {"index": 46, "opcode": "JUMP", "arg1": 0, "arg2": 0},
   {"index": 47, "opcode": "JUMP", "arg1": 0, "arg2": 0},
   {"index": 48, "opcode": "JUMP", "arg1": 0, "arg2": 0},
   {"index": 49, "opcode": "JUMP", "arg1": 13, "arg2": 0},
   {"index": 50, "opcode": "JUMP", "arg1": 72, "arg2": 0},
   {"index": 51, "opcode": "JUMP", "arg1": 101, "arg2": 0},
   {"index": 52, "opcode": "JUMP", "arg1": 108, "arg2": 0},
   {"index": 53, "opcode": "JUMP", "arg1": 108, "arg2": 0},
   {"index": 54, "opcode": "JUMP", "arg1": 111, "arg2": 0},
   {"index": 55, "opcode": "JUMP", "arg1": 44, "arg2": 0},
   {"index": 56, "opcode": "JUMP", "arg1": 32, "arg2": 0},
   {"index": 57, "opcode": "JUMP", "arg1": 119, "arg2": 0},
   {"index": 58, "opcode": "JUMP", "arg1": 111, "arg2": 0},
   {"index": 59, "opcode": "JUMP", "arg1": 114, "arg2": 0},
   {"index": 60, "opcode": "JUMP", "arg1": 108, "arg2": 0},
   {"index": 61, "opcode": "JUMP", "arg1": 100, "arg2": 0},
   {"index": 62, "opcode": "JUMP", "arg1": 33, "arg2": 0}]
